
Discarded input sections

 .llvm_addrsig  0x0000000000000000        0x1 kernel.o
 .llvm_addrsig  0x0000000000000000        0x6 stdio.o
 .llvm_addrsig  0x0000000000000000        0x0 stdlib.o
 .llvm_addrsig  0x0000000000000000        0x0 string.o
 .llvm_addrsig  0x0000000000000000        0x2 tty.o

Memory Configuration

Name             Origin             Length             Attributes
*default*        0x0000000000000000 0xffffffffffffffff

Linker script and memory map

LOAD boot.o
LOAD kernel.o
LOAD stdio.o
LOAD stdlib.o
LOAD string.o
LOAD tty.o
                0x0000000000100000                . = 0x100000

.text           0x0000000000100000      0x25e
 *(.multiboot)
 .multiboot     0x0000000000100000        0xc boot.o
 *(.text)
 *fill*         0x000000000010000c        0x4 
 .text          0x0000000000100010       0x41 boot.o
                0x0000000000100010                _start
 *fill*         0x0000000000100051        0xf 
 .text          0x0000000000100060       0x38 kernel.o
                0x0000000000100060                kernel_main
 *fill*         0x0000000000100098        0x8 
 .text          0x00000000001000a0       0xf8 stdio.o
                0x00000000001000a0                puts
                0x0000000000100110                putc
                0x0000000000100190                print_num
 *fill*         0x0000000000100198        0x8 
 .text          0x00000000001001a0        0xa stdlib.o
                0x00000000001001a0                malloc
 *fill*         0x00000000001001aa        0x6 
 .text          0x00000000001001b0       0x51 string.o
                0x00000000001001b0                strlen
 *fill*         0x0000000000100201        0xf 
 .text          0x0000000000100210       0x4e tty.o
                0x0000000000100210                init_terminal

.plt            0x0000000000100260        0x0
 .plt           0x0000000000100260        0x0 boot.o

.plt.got        0x0000000000100260        0x0
 .plt.got       0x0000000000100260        0x0 boot.o

.rodata         0x0000000000101000        0xa
 *(.rodata)
 .rodata        0x0000000000101000        0xa boot.o

.interp         0x000000000010100a       0x13
 .interp        0x000000000010100a       0x13 boot.o

.note.gnu.build-id
                0x0000000000101020       0x24
 .note.gnu.build-id
                0x0000000000101020       0x24 boot.o

.gnu.version_d  0x0000000000101044        0x0
 .gnu.version_d
                0x0000000000101044        0x0 boot.o

.gnu.version    0x0000000000101044        0x0
 .gnu.version   0x0000000000101044        0x0 boot.o

.gnu.version_r  0x0000000000101044        0x0
 .gnu.version_r
                0x0000000000101044        0x0 boot.o

.dynsym         0x0000000000101044       0x10
 .dynsym        0x0000000000101044       0x10 boot.o

.dynstr         0x0000000000101054        0x1
 .dynstr        0x0000000000101054        0x1 boot.o

.gnu.hash       0x0000000000101058       0x18
 .gnu.hash      0x0000000000101058       0x18 boot.o

.eh_frame       0x0000000000101070        0x0
 .eh_frame      0x0000000000101070        0x0 boot.o
 .eh_frame      0x0000000000101070        0x0 boot.o

.rodata.str1.1  0x0000000000101070       0x1e
 .rodata.str1.1
                0x0000000000101070       0x1e kernel.o

.rel.dyn        0x0000000000101090       0x78
 .rel.plt       0x0000000000101090        0x0 boot.o
 .rel.got       0x0000000000101090        0x0 boot.o
 .rel.bss       0x0000000000101090        0x0 boot.o
 .rel.data.rel.ro
                0x0000000000101090        0x0 boot.o
 .rel.ifunc     0x0000000000101090        0x0 boot.o
 .rel.text      0x0000000000101090       0x78 boot.o

.data           0x0000000000102000        0x0
 *(.data)
 .data          0x0000000000102000        0x0 boot.o

.dynamic        0x0000000000101108       0x90
 .dynamic       0x0000000000101108       0x90 boot.o
                0x0000000000101108                _DYNAMIC

.got            0x0000000000101198        0x0
 .got           0x0000000000101198        0x0 boot.o

.got.plt        0x0000000000101198        0x0
 .got.plt       0x0000000000101198        0x0 boot.o

.data.rel.ro    0x0000000000101198        0x0
 .data.rel.ro   0x0000000000101198        0x0 boot.o

.bss            0x0000000000102000     0x4010
 *(COMMON)
 *(.bss)
 .bss           0x0000000000102000     0x4000 boot.o
 .bss           0x0000000000106000       0x10 stdio.o
                0x0000000000106000                fg_color
                0x0000000000106004                bg_color
OUTPUT(bin/kernel.bin elf32-i386)

.dynbss         0x0000000000106010        0x0
 .dynbss        0x0000000000106010        0x0 boot.o

.comment        0x0000000000000000       0x25
 .comment       0x0000000000000000       0x25 kernel.o
                                         0x26 (size before relaxing)
 .comment       0x0000000000000025       0x26 stdio.o
 .comment       0x0000000000000025       0x26 stdlib.o
 .comment       0x0000000000000025       0x26 string.o
 .comment       0x0000000000000025       0x26 tty.o

.note.GNU-stack
                0x0000000000000000        0x0
 .note.GNU-stack
                0x0000000000000000        0x0 kernel.o
 .note.GNU-stack
                0x0000000000000000        0x0 stdio.o
 .note.GNU-stack
                0x0000000000000000        0x0 stdlib.o
 .note.GNU-stack
                0x0000000000000000        0x0 string.o
 .note.GNU-stack
                0x0000000000000000        0x0 tty.o
